// Jest Snapshot v1, https://goo.gl/fbAQLP

exports[`<AnswerWord/> renders and matches the snapshot 1`] = `
<div
  className="c-answer-word"
>
  <AnswerLetter
    key="0"
    letter="T"
    show={false}
  />
  <AnswerLetter
    key="1"
    letter="E"
    show={true}
  />
  <AnswerLetter
    key="2"
    letter="S"
    show={true}
  />
  <AnswerLetter
    key="3"
    letter="T"
    show={false}
  />
</div>
`;
